// Jest Snapshot v1, https://goo.gl/fbAQLP

exports[`This time the snapshot Forever fail snapshot 1`] = `
Object {
  "createAt": 2019-01-18T03:48:55.320Z,
  "id": 2,
}
`;

exports[`This time the snapshot Snapshot 1`] = `
Object {
  "gender": "Male",
  "id": 1,
  "name": "Rick Sanchez",
  "species": "Human",
  "status": "Alive",
}
`;

exports[`This time the snapshot has an exception within the code 1`] = `
Object {
  "id": Any<Number>,
  "name": "Miguelangel Rendon",
}
`;
